
[6860:0921/182709.496:ERROR:net\disk_cache\cache_util_win.cc:25] Unable to move the cache: 拒绝访问。 (0x5)
[6860:0921/182709.496:ERROR:net\disk_cache\cache_util_win.cc:25] Unable to move the cache: 拒绝访问。 (0x5)
[6860:0921/182709.496:ERROR:net\disk_cache\cache_util_win.cc:25] Unable to move the cache: 拒绝访问。 (0x5)
[6860:0921/182709.497:ERROR:net\disk_cache\disk_cache.cc:284] Unable to create cache
[6860:0921/182709.497:ERROR:gpu\ipc\host\gpu_disk_cache.cc:737] Gpu Cache Creation failed: -2
[6860:0921/182709.497:ERROR:net\disk_cache\disk_cache.cc:284] Unable to create cache
[6860:0921/182709.497:ERROR:gpu\ipc\host\gpu_disk_cache.cc:737] Gpu Cache Creation failed: -2
[6860:0921/182709.497:ERROR:net\disk_cache\disk_cache.cc:284] Unable to create cache
[6860:0921/182709.497:ERROR:gpu\ipc\host\gpu_disk_cache.cc:737] Gpu Cache Creation failed: -2
[main] size -> 662 381
[main] size -> 662 381
[main] page loaded
(electron) 'console-message' arguments are deprecated and will be removed. Please use Event<WebContentsConsoleMessageEventParams> object instead.
[page] %cElectron Security Warning (Insecure Content-Security-Policy) font-weight: bold; This renderer process has either no Content Security
  Policy set or a policy with "unsafe-eval" enabled. This exposes users of
  this app to unnecessary security risks.

For more information and help, consult
https://electronjs.org/docs/tutorial/security.
This warning will not show up
once the app is packaged.
[main] size -> 662 381
[main] size -> 662 381
[main] shot saved: C:/Users/Administrator/WorkBuddy/2026-09-19-15-16-07/output/dbg.png
